<html>
<body>
<pre>
<h1>µVision Build Log</h1>
<h2>Project:</h2>
C:\Keil\211039034_MCA_LabInternal1.uvproj
Project File Date:  12/30/2021

<h2>Output:</h2>
Build target 'Target 1'
linking...
211039034_MCA_LabInternal1.axf: Warning: L6665W: Neither Lib$$Request$$armlib Lib$$Request$$cpplib defined, not searching ARM libraries.
211039034_MCA_LabInternal1.axf: Error: L6411W: No compatible library exists with a definition of startup symbol __main.
Target not created
Build target 'Target 1'
compiling LabQuestion1.c...
LabQuestion1.c(3): warning:  #1295-D: Deprecated declaration pll - give arg types
LabQuestion1.c(48): warning:  #1-D: last line of file ends without a newline
linking...
Program Size: Code=760 RO-data=16 RW-data=0 ZI-data=1256  
"211039034_MCA_LabInternal1.axf" - 0 Error(s), 2 Warning(s).
Build target 'Target 1'
assembling Startup.s...
compiling LabQuestion1.c...
LabQuestion1.c(3): warning:  #1295-D: Deprecated declaration pll - give arg types
LabQuestion1.c(48): warning:  #1-D: last line of file ends without a newline
linking...
Program Size: Code=760 RO-data=16 RW-data=0 ZI-data=1256  
FromELF: creating hex file...
"211039034_MCA_LabInternal1.axf" - 0 Error(s), 2 Warning(s).
Build target 'Target 1'
assembling Startup.s...
compiling Lab_Question2.c...
linking...
Program Size: Code=800 RO-data=56 RW-data=0 ZI-data=1256  
FromELF: creating hex file...
"211039034_MCA_LabInternal1.axf" - 0 Error(s), 0 Warning(s).
